[00:00:21] ============================================================
[00:00:21] 清理会话: cleanup_20260523_000021
[00:00:21] 开始时间: 2026-05-23T00:00:21.247011
[00:00:21] 模式: DRY-RUN
[00:00:21] ============================================================
[00:00:24] 
--- 扫描结果: 发现 411 个清理目标 ---
[00:00:24] 
[pycache] 25 项, 20.12 MB
[00:00:24]   - __pycache__ (65.2 KB) Python 字节码缓存，可安全重建
[00:00:24]   - benchmarks\__pycache__ (30.9 KB) Python 字节码缓存，可安全重建
[00:00:24]   - scripts\__pycache__ (19.6 KB) Python 字节码缓存，可安全重建
[00:00:24]   - src\__pycache__ (220 B) Python 字节码缓存，可安全重建
[00:00:24]   - tests\__pycache__ (17.25 MB) Python 字节码缓存，可安全重建
[00:00:24]   - tools\__pycache__ (99.9 KB) Python 字节码缓存，可安全重建
[00:00:24]   - src\automation\__pycache__ (159.4 KB) Python 字节码缓存，可安全重建
[00:00:24]   - src\cli\__pycache__ (162.1 KB) Python 字节码缓存，可安全重建
[00:00:24]   - src\collision\__pycache__ (179.8 KB) Python 字节码缓存，可安全重建
[00:00:24]   - src\config\__pycache__ (77.4 KB) Python 字节码缓存，可安全重建
[00:00:24]   ... 及其他 15 项
[00:00:24] 
[mypy_cache] 1 项, 130.41 MB
[00:00:24]   - .mypy_cache (130.41 MB) mypy 类型检查缓存，可安全重建
[00:00:24] 
[ruff_cache] 1 项, 687.9 KB
[00:00:24]   - .ruff_cache (687.9 KB) ruff lint 缓存，可安全重建
[00:00:24] 
[pytest_cache] 1 项, 122.1 KB
[00:00:24]   - .pytest_cache (122.1 KB) pytest 运行缓存，可安全重建
[00:00:24] 
[egg_info] 1 项, 33.8 KB
[00:00:24]   - btc_collision_engine.egg-info (33.8 KB) setuptools 构建元数据，pip install -e . 可重建
[00:00:24] 
[temp_result_files] 4 项, 351.5 KB
[00:00:24]   - result.txt (346.5 KB) 根目录临时结果文件
[00:00:24]   - result2.txt (225 B) 根目录临时结果文件
[00:00:24]   - result4.txt (1.4 KB) 根目录临时结果文件
[00:00:24]   - result5.txt (3.3 KB) 根目录临时结果文件
[00:00:24] 
[temp_run_scripts] 8 项, 44.8 KB
[00:00:24]   - run_audit_tools.py (4.7 KB) 根目录临时运行脚本
[00:00:24]   - run_detail.py (725 B) 根目录临时运行脚本
[00:00:24]   - run_full_audit.py (26.5 KB) 根目录临时运行脚本
[00:00:24]   - run_intel_arc.py (8.1 KB) 根目录临时运行脚本
[00:00:24]   - run_matches.py (984 B) 根目录临时运行脚本
[00:00:24]   - run_quick.py (888 B) 根目录临时运行脚本
[00:00:24]   - run_remaining.py (2.3 KB) 根目录临时运行脚本
[00:00:24]   - run_tests.py (642 B) 根目录临时运行脚本
[00:00:24] 
[debug_logs] 2 项, 2.4 KB
[00:00:24]   - _bat_debug.log (2.4 KB) 根目录调试日志
[00:00:24]   - _start_test.log (16 B) 根目录调试日志
[00:00:24] 
[rotated_logs] 2 项, 20.00 MB
[00:00:24]   - logs\collision.log.1 (10.00 MB) 轮转日志文件（.log.N），主日志保留
[00:00:24]   - logs\collision.log.2 (10.00 MB) 轮转日志文件（.log.N），主日志保留
[00:00:24] 
[old_daily_reports] 364 项, 325.1 KB
[00:00:24]   - data_logs\report_daily_20260516_204330.json (999 B) 过期日报（2026-05-16，超过3天）
[00:00:24]   - data_logs\report_daily_20260516_210113.json (1.0 KB) 过期日报（2026-05-16，超过3天）
[00:00:24]   - data_logs\report_daily_20260516_210809.json (1.0 KB) 过期日报（2026-05-16，超过3天）
[00:00:24]   - data_logs\report_daily_20260516_211620.json (1.0 KB) 过期日报（2026-05-16，超过3天）
[00:00:24]   - data_logs\report_daily_20260516_213846.json (1.0 KB) 过期日报（2026-05-16，超过3天）
[00:00:24]   - data_logs\report_daily_20260517_011843.json (978 B) 过期日报（2026-05-17，超过3天）
[00:00:24]   - data_logs\report_daily_20260517_011844.json (952 B) 过期日报（2026-05-17，超过3天）
[00:00:24]   - data_logs\report_daily_20260517_011847.json (990 B) 过期日报（2026-05-17，超过3天）
[00:00:24]   - data_logs\report_daily_20260517_011848.json (908 B) 过期日报（2026-05-17，超过3天）
[00:00:24]   - data_logs\report_daily_20260517_011849.json (989 B) 过期日报（2026-05-17，超过3天）
[00:00:24]   ... 及其他 354 项
[00:00:24] 
[bat_debug] 2 项, 2.4 KB
[00:00:24]   - _bat_debug.log (2.4 KB) 批处理调试日志
[00:00:24]   - _start_test.log (16 B) 批处理调试日志
[00:00:24]   ⏭️ [SKIPPED] F:\Qoder\btc-collision-engine\__pycache__ (65.2 KB) [DRY-RUN] 将被隔离
[00:00:24]   ⏭️ [SKIPPED] F:\Qoder\btc-collision-engine\benchmarks\__pycache__ (30.9 KB) [DRY-RUN] 将被隔离
[00:00:24]   ⏭️ [SKIPPED] F:\Qoder\btc-collision-engine\scripts\__pycache__ (19.6 KB) [DRY-RUN] 将被隔离
[00:00:24]   ⏭️ [SKIPPED] F:\Qoder\btc-collision-engine\src\__pycache__ (220 B) [DRY-RUN] 将被隔离
[00:00:24]   ⏭️ [SKIPPED] F:\Qoder\btc-collision-engine\tests\__pycache__ (17.25 MB) [DRY-RUN] 将被隔离
[00:00:24]   ⏭️ [SKIPPED] F:\Qoder\btc-collision-engine\tools\__pycache__ (99.9 KB) [DRY-RUN] 将被隔离
[00:00:24]   ⏭️ [SKIPPED] F:\Qoder\btc-collision-engine\src\automation\__pycache__ (159.4 KB) [DRY-RUN] 将被隔离
[00:00:24]   ⏭️ [SKIPPED] F:\Qoder\btc-collision-engine\src\cli\__pycache__ (162.1 KB) [DRY-RUN] 将被隔离
[00:00:24]   ⏭️ [SKIPPED] F:\Qoder\btc-collision-engine\src\collision\__pycache__ (179.8 KB) [DRY-RUN] 将被隔离
[00:00:24]   ⏭️ [SKIPPED] F:\Qoder\btc-collision-engine\src\config\__pycache__ (77.4 KB) [DRY-RUN] 将被隔离
[00:00:24]   ⏭️ [SKIPPED] F:\Qoder\btc-collision-engine\src\core\__pycache__ (290.2 KB) [DRY-RUN] 将被隔离
[00:00:24]   ⏭️ [SKIPPED] F:\Qoder\btc-collision-engine\src\gpu\__pycache__ (856.9 KB) [DRY-RUN] 将被隔离
[00:00:24]   ⏭️ [SKIPPED] F:\Qoder\btc-collision-engine\src\i18n\__pycache__ (8.9 KB) [DRY-RUN] 将被隔离
[00:00:24]   ⏭️ [SKIPPED] F:\Qoder\btc-collision-engine\src\logging\__pycache__ (57.5 KB) [DRY-RUN] 将被隔离
[00:00:24]   ⏭️ [SKIPPED] F:\Qoder\btc-collision-engine\src\log_engine\__pycache__ (33.9 KB) [DRY-RUN] 将被隔离
[00:00:24]   ⏭️ [SKIPPED] F:\Qoder\btc-collision-engine\src\monitoring\__pycache__ (236.1 KB) [DRY-RUN] 将被隔离
[00:00:24]   ⏭️ [SKIPPED] F:\Qoder\btc-collision-engine\src\utils\__pycache__ (315.0 KB) [DRY-RUN] 将被隔离
[00:00:24]   ⏭️ [SKIPPED] F:\Qoder\btc-collision-engine\src\web\__pycache__ (38.8 KB) [DRY-RUN] 将被隔离
[00:00:24]   ⏭️ [SKIPPED] F:\Qoder\btc-collision-engine\src\wizard\__pycache__ (54.0 KB) [DRY-RUN] 将被隔离
[00:00:24]   ⏭️ [SKIPPED] F:\Qoder\btc-collision-engine\src\collision\gpu\__pycache__ (129.5 KB) [DRY-RUN] 将被隔离
[00:00:24]   ⏭️ [SKIPPED] F:\Qoder\btc-collision-engine\src\collision\plugins\__pycache__ (14.3 KB) [DRY-RUN] 将被隔离
[00:00:24]   ⏭️ [SKIPPED] F:\Qoder\btc-collision-engine\src\collision\targets\__pycache__ (36.1 KB) [DRY-RUN] 将被隔离
[00:00:24]   ⏭️ [SKIPPED] F:\Qoder\btc-collision-engine\src\gpu\profiles\__pycache__ (2.3 KB) [DRY-RUN] 将被隔离
[00:00:24]   ⏭️ [SKIPPED] F:\Qoder\btc-collision-engine\src\gpu\search_modes\__pycache__ (40.4 KB) [DRY-RUN] 将被隔离
[00:00:24]   ⏭️ [SKIPPED] F:\Qoder\btc-collision-engine\src\gpu\vendors\__pycache__ (24.9 KB) [DRY-RUN] 将被隔离
[00:00:24]   ⏭️ [SKIPPED] F:\Qoder\btc-collision-engine\.mypy_cache (130.41 MB) [DRY-RUN] 将被隔离
[00:00:24]   ⏭️ [SKIPPED] F:\Qoder\btc-collision-engine\.ruff_cache (687.9 KB) [DRY-RUN] 将被隔离
[00:00:24]   ⏭️ [SKIPPED] F:\Qoder\btc-collision-engine\.pytest_cache (122.1 KB) [DRY-RUN] 将被隔离
[00:00:24]   ⏭️ [SKIPPED] F:\Qoder\btc-collision-engine\btc_collision_engine.egg-info (33.8 KB) [DRY-RUN] 将被隔离
[00:00:24]   ⏭️ [SKIPPED] F:\Qoder\btc-collision-engine\result.txt (346.5 KB) [DRY-RUN] 将被隔离
[00:00:24]   ⏭️ [SKIPPED] F:\Qoder\btc-collision-engine\result2.txt (225 B) [DRY-RUN] 将被隔离
[00:00:24]   ⏭️ [SKIPPED] F:\Qoder\btc-collision-engine\result4.txt (1.4 KB) [DRY-RUN] 将被隔离
[00:00:24]   ⏭️ [SKIPPED] F:\Qoder\btc-collision-engine\result5.txt (3.3 KB) [DRY-RUN] 将被隔离
[00:00:24]   ⏭️ [SKIPPED] F:\Qoder\btc-collision-engine\run_audit_tools.py (4.7 KB) [DRY-RUN] 将被隔离
[00:00:24]   ⏭️ [SKIPPED] F:\Qoder\btc-collision-engine\run_detail.py (725 B) [DRY-RUN] 将被隔离
[00:00:24]   ⏭️ [SKIPPED] F:\Qoder\btc-collision-engine\run_full_audit.py (26.5 KB) [DRY-RUN] 将被隔离
[00:00:24]   ⏭️ [SKIPPED] F:\Qoder\btc-collision-engine\run_intel_arc.py (8.1 KB) [DRY-RUN] 将被隔离
[00:00:24]   ⏭️ [SKIPPED] F:\Qoder\btc-collision-engine\run_matches.py (984 B) [DRY-RUN] 将被隔离
[00:00:24]   ⏭️ [SKIPPED] F:\Qoder\btc-collision-engine\run_quick.py (888 B) [DRY-RUN] 将被隔离
[00:00:24]   ⏭️ [SKIPPED] F:\Qoder\btc-collision-engine\run_remaining.py (2.3 KB) [DRY-RUN] 将被隔离
[00:00:24]   ⏭️ [SKIPPED] F:\Qoder\btc-collision-engine\run_tests.py (642 B) [DRY-RUN] 将被隔离
[00:00:24]   ⏭️ [SKIPPED] F:\Qoder\btc-collision-engine\_bat_debug.log (2.4 KB) [DRY-RUN] 将被隔离
[00:00:24]   ⏭️ [SKIPPED] F:\Qoder\btc-collision-engine\_start_test.log (16 B) [DRY-RUN] 将被隔离
[00:00:24]   ⏭️ [SKIPPED] F:\Qoder\btc-collision-engine\logs\collision.log.1 (10.00 MB) [DRY-RUN] 将被隔离
[00:00:24]   ⏭️ [SKIPPED] F:\Qoder\btc-collision-engine\logs\collision.log.2 (10.00 MB) [DRY-RUN] 将被隔离
[00:00:24]   ⏭️ [SKIPPED] F:\Qoder\btc-collision-engine\data_logs\report_daily_20260516_204330.json (999 B) [DRY-RUN] 将被隔离
[00:00:24]   ⏭️ [SKIPPED] F:\Qoder\btc-collision-engine\data_logs\report_daily_20260516_210113.json (1.0 KB) [DRY-RUN] 将被隔离
[00:00:24]   ⏭️ [SKIPPED] F:\Qoder\btc-collision-engine\data_logs\report_daily_20260516_210809.json (1.0 KB) [DRY-RUN] 将被隔离
[00:00:24]   ⏭️ [SKIPPED] F:\Qoder\btc-collision-engine\data_logs\report_daily_20260516_211620.json (1.0 KB) [DRY-RUN] 将被隔离
[00:00:24]   ⏭️ [SKIPPED] F:\Qoder\btc-collision-engine\data_logs\report_daily_20260516_213846.json (1.0 KB) [DRY-RUN] 将被隔离
[00:00:24]   ⏭️ [SKIPPED] F:\Qoder\btc-collision-engine\data_logs\report_daily_20260517_011843.json (978 B) [DRY-RUN] 将被隔离
[00:00:24]   ⏭️ [SKIPPED] F:\Qoder\btc-collision-engine\data_logs\report_daily_20260517_011844.json (952 B) [DRY-RUN] 将被隔离
[00:00:24]   ⏭️ [SKIPPED] F:\Qoder\btc-collision-engine\data_logs\report_daily_20260517_011847.json (990 B) [DRY-RUN] 将被隔离
[00:00:24]   ⏭️ [SKIPPED] F:\Qoder\btc-collision-engine\data_logs\report_daily_20260517_011848.json (908 B) [DRY-RUN] 将被隔离
[00:00:24]   ⏭️ [SKIPPED] F:\Qoder\btc-collision-engine\data_logs\report_daily_20260517_011849.json (989 B) [DRY-RUN] 将被隔离
[00:00:24]   ⏭️ [SKIPPED] F:\Qoder\btc-collision-engine\data_logs\report_daily_20260517_011850.json (989 B) [DRY-RUN] 将被隔离
[00:00:24]   ⏭️ [SKIPPED] F:\Qoder\btc-collision-engine\data_logs\report_daily_20260517_011852.json (989 B) [DRY-RUN] 将被隔离
[00:00:24]   ⏭️ [SKIPPED] F:\Qoder\btc-collision-engine\data_logs\report_daily_20260517_011854.json (989 B) [DRY-RUN] 将被隔离
[00:00:24]   ⏭️ [SKIPPED] F:\Qoder\btc-collision-engine\data_logs\report_daily_20260517_011856.json (989 B) [DRY-RUN] 将被隔离
[00:00:24]   ⏭️ [SKIPPED] F:\Qoder\btc-collision-engine\data_logs\report_daily_20260517_011858.json (989 B) [DRY-RUN] 将被隔离
[00:00:24]   ⏭️ [SKIPPED] F:\Qoder\btc-collision-engine\data_logs\report_daily_20260517_012022.json (987 B) [DRY-RUN] 将被隔离
[00:00:24]   ⏭️ [SKIPPED] F:\Qoder\btc-collision-engine\data_logs\report_daily_20260517_012024.json (987 B) [DRY-RUN] 将被隔离
[00:00:24]   ⏭️ [SKIPPED] F:\Qoder\btc-collision-engine\data_logs\report_daily_20260517_012202.json (945 B) [DRY-RUN] 将被隔离
[00:00:24]   ⏭️ [SKIPPED] F:\Qoder\btc-collision-engine\data_logs\report_daily_20260517_012203.json (981 B) [DRY-RUN] 将被隔离
[00:00:24]   ⏭️ [SKIPPED] F:\Qoder\btc-collision-engine\data_logs\report_daily_20260517_012205.json (991 B) [DRY-RUN] 将被隔离
[00:00:24]   ⏭️ [SKIPPED] F:\Qoder\btc-collision-engine\data_logs\report_daily_20260517_012207.json (922 B) [DRY-RUN] 将被隔离
[00:00:24]   ⏭️ [SKIPPED] F:\Qoder\btc-collision-engine\data_logs\report_daily_20260517_012209.json (965 B) [DRY-RUN] 将被隔离
[00:00:24]   ⏭️ [SKIPPED] F:\Qoder\btc-collision-engine\data_logs\report_daily_20260517_012210.json (965 B) [DRY-RUN] 将被隔离
[00:00:24]   ⏭️ [SKIPPED] F:\Qoder\btc-collision-engine\data_logs\report_daily_20260517_012213.json (965 B) [DRY-RUN] 将被隔离
[00:00:24]   ⏭️ [SKIPPED] F:\Qoder\btc-collision-engine\data_logs\report_daily_20260517_012214.json (945 B) [DRY-RUN] 将被隔离
[00:00:24]   ⏭️ [SKIPPED] F:\Qoder\btc-collision-engine\data_logs\report_daily_20260517_012217.json (945 B) [DRY-RUN] 将被隔离
[00:00:24]   ⏭️ [SKIPPED] F:\Qoder\btc-collision-engine\data_logs\report_daily_20260517_012306.json (987 B) [DRY-RUN] 将被隔离
[00:00:24]   ⏭️ [SKIPPED] F:\Qoder\btc-collision-engine\data_logs\report_daily_20260517_012307.json (894 B) [DRY-RUN] 将被隔离
[00:00:24]   ⏭️ [SKIPPED] F:\Qoder\btc-collision-engine\data_logs\report_daily_20260517_012308.json (894 B) [DRY-RUN] 将被隔离
[00:00:24]   ⏭️ [SKIPPED] F:\Qoder\btc-collision-engine\data_logs\report_daily_20260517_012309.json (894 B) [DRY-RUN] 将被隔离
[00:00:24]   ⏭️ [SKIPPED] F:\Qoder\btc-collision-engine\data_logs\report_daily_20260517_012310.json (898 B) [DRY-RUN] 将被隔离
[00:00:24]   ⏭️ [SKIPPED] F:\Qoder\btc-collision-engine\data_logs\report_daily_20260517_012311.json (877 B) [DRY-RUN] 将被隔离
[00:00:24]   ⏭️ [SKIPPED] F:\Qoder\btc-collision-engine\data_logs\report_daily_20260517_012312.json (896 B) [DRY-RUN] 将被隔离
[00:00:24]   ⏭️ [SKIPPED] F:\Qoder\btc-collision-engine\data_logs\report_daily_20260517_012526.json (893 B) [DRY-RUN] 将被隔离
[00:00:24]   ⏭️ [SKIPPED] F:\Qoder\btc-collision-engine\data_logs\report_daily_20260517_012528.json (897 B) [DRY-RUN] 将被隔离
[00:00:24]   ⏭️ [SKIPPED] F:\Qoder\btc-collision-engine\data_logs\report_daily_20260517_012531.json (896 B) [DRY-RUN] 将被隔离
[00:00:24]   ⏭️ [SKIPPED] F:\Qoder\btc-collision-engine\data_logs\report_daily_20260517_012532.json (897 B) [DRY-RUN] 将被隔离
[00:00:24]   ⏭️ [SKIPPED] F:\Qoder\btc-collision-engine\data_logs\report_daily_20260517_012533.json (897 B) [DRY-RUN] 将被隔离
[00:00:24]   ⏭️ [SKIPPED] F:\Qoder\btc-collision-engine\data_logs\report_daily_20260517_012537.json (897 B) [DRY-RUN] 将被隔离
[00:00:24]   ⏭️ [SKIPPED] F:\Qoder\btc-collision-engine\data_logs\report_daily_20260517_012538.json (861 B) [DRY-RUN] 将被隔离
[00:00:24]   ⏭️ [SKIPPED] F:\Qoder\btc-collision-engine\data_logs\report_daily_20260517_012541.json (861 B) [DRY-RUN] 将被隔离
[00:00:24]   ⏭️ [SKIPPED] F:\Qoder\btc-collision-engine\data_logs\report_daily_20260517_012732.json (896 B) [DRY-RUN] 将被隔离
[00:00:24]   ⏭️ [SKIPPED] F:\Qoder\btc-collision-engine\data_logs\report_daily_20260517_012733.json (898 B) [DRY-RUN] 将被隔离
[00:00:24]   ⏭️ [SKIPPED] F:\Qoder\btc-collision-engine\data_logs\report_daily_20260517_012734.json (893 B) [DRY-RUN] 将被隔离
[00:00:24]   ⏭️ [SKIPPED] F:\Qoder\btc-collision-engine\data_logs\report_daily_20260517_012735.json (893 B) [DRY-RUN] 将被隔离
[00:00:24]   ⏭️ [SKIPPED] F:\Qoder\btc-collision-engine\data_logs\report_daily_20260517_012736.json (897 B) [DRY-RUN] 将被隔离
[00:00:24]   ⏭️ [SKIPPED] F:\Qoder\btc-collision-engine\data_logs\report_daily_20260517_012737.json (897 B) [DRY-RUN] 将被隔离
[00:00:24]   ⏭️ [SKIPPED] F:\Qoder\btc-collision-engine\data_logs\report_daily_20260517_012738.json (894 B) [DRY-RUN] 将被隔离
[00:00:24]   ⏭️ [SKIPPED] F:\Qoder\btc-collision-engine\data_logs\report_daily_20260517_014828.json (890 B) [DRY-RUN] 将被隔离
[00:00:24]   ⏭️ [SKIPPED] F:\Qoder\btc-collision-engine\data_logs\report_daily_20260517_014829.json (895 B) [DRY-RUN] 将被隔离
[00:00:24]   ⏭️ [SKIPPED] F:\Qoder\btc-collision-engine\data_logs\report_daily_20260517_014830.json (893 B) [DRY-RUN] 将被隔离
[00:00:24]   ⏭️ [SKIPPED] F:\Qoder\btc-collision-engine\data_logs\report_daily_20260517_014833.json (893 B) [DRY-RUN] 将被隔离
[00:00:24]   ⏭️ [SKIPPED] F:\Qoder\btc-collision-engine\data_logs\report_daily_20260517_014834.json (883 B) [DRY-RUN] 将被隔离
[00:00:24]   ⏭️ [SKIPPED] F:\Qoder\btc-collision-engine\data_logs\report_daily_20260517_014835.json (894 B) [DRY-RUN] 将被隔离
[00:00:24]   ⏭️ [SKIPPED] F:\Qoder\btc-collision-engine\data_logs\report_daily_20260517_014836.json (894 B) [DRY-RUN] 将被隔离
[00:00:24]   ⏭️ [SKIPPED] F:\Qoder\btc-collision-engine\data_logs\report_daily_20260517_014839.json (894 B) [DRY-RUN] 将被隔离
[00:00:24]   ⏭️ [SKIPPED] F:\Qoder\btc-collision-engine\data_logs\report_daily_20260517_014840.json (891 B) [DRY-RUN] 将被隔离
[00:00:24]   ⏭️ [SKIPPED] F:\Qoder\btc-collision-engine\data_logs\report_daily_20260517_014844.json (893 B) [DRY-RUN] 将被隔离
[00:00:24]   ⏭️ [SKIPPED] F:\Qoder\btc-collision-engine\data_logs\report_daily_20260517_014845.json (898 B) [DRY-RUN] 将被隔离
[00:00:24]   ⏭️ [SKIPPED] F:\Qoder\btc-collision-engine\data_logs\report_daily_20260517_014846.json (883 B) [DRY-RUN] 将被隔离
[00:00:24]   ⏭️ [SKIPPED] F:\Qoder\btc-collision-engine\data_logs\report_daily_20260517_014847.json (898 B) [DRY-RUN] 将被隔离
[00:00:24]   ⏭️ [SKIPPED] F:\Qoder\btc-collision-engine\data_logs\report_daily_20260517_014848.json (898 B) [DRY-RUN] 将被隔离
[00:00:24]   ⏭️ [SKIPPED] F:\Qoder\btc-collision-engine\data_logs\report_daily_20260517_014849.json (895 B) [DRY-RUN] 将被隔离
[00:00:24]   ⏭️ [SKIPPED] F:\Qoder\btc-collision-engine\data_logs\report_daily_20260517_024822.json (884 B) [DRY-RUN] 将被隔离
[00:00:24]   ⏭️ [SKIPPED] F:\Qoder\btc-collision-engine\data_logs\report_daily_20260517_024823.json (898 B) [DRY-RUN] 将被隔离
[00:00:24]   ⏭️ [SKIPPED] F:\Qoder\btc-collision-engine\data_logs\report_daily_20260517_024824.json (893 B) [DRY-RUN] 将被隔离
[00:00:24]   ⏭️ [SKIPPED] F:\Qoder\btc-collision-engine\data_logs\report_daily_20260517_024825.json (905 B) [DRY-RUN] 将被隔离
[00:00:24]   ⏭️ [SKIPPED] F:\Qoder\btc-collision-engine\data_logs\report_daily_20260517_024827.json (908 B) [DRY-RUN] 将被隔离
[00:00:24]   ⏭️ [SKIPPED] F:\Qoder\btc-collision-engine\data_logs\report_daily_20260517_024828.json (910 B) [DRY-RUN] 将被隔离
[00:00:24]   ⏭️ [SKIPPED] F:\Qoder\btc-collision-engine\data_logs\report_daily_20260517_024831.json (908 B) [DRY-RUN] 将被隔离
[00:00:24]   ⏭️ [SKIPPED] F:\Qoder\btc-collision-engine\data_logs\report_daily_20260517_024832.json (908 B) [DRY-RUN] 将被隔离
[00:00:24]   ⏭️ [SKIPPED] F:\Qoder\btc-collision-engine\data_logs\report_daily_20260517_024833.json (873 B) [DRY-RUN] 将被隔离
[00:00:24]   ⏭️ [SKIPPED] F:\Qoder\btc-collision-engine\data_logs\report_daily_20260517_024835.json (896 B) [DRY-RUN] 将被隔离
[00:00:24]   ⏭️ [SKIPPED] F:\Qoder\btc-collision-engine\data_logs\report_daily_20260517_031700.json (904 B) [DRY-RUN] 将被隔离
[00:00:24]   ⏭️ [SKIPPED] F:\Qoder\btc-collision-engine\data_logs\report_daily_20260517_031701.json (904 B) [DRY-RUN] 将被隔离
[00:00:24]   ⏭️ [SKIPPED] F:\Qoder\btc-collision-engine\data_logs\report_daily_20260517_031702.json (908 B) [DRY-RUN] 将被隔离
[00:00:24]   ⏭️ [SKIPPED] F:\Qoder\btc-collision-engine\data_logs\report_daily_20260517_031703.json (912 B) [DRY-RUN] 将被隔离
[00:00:24]   ⏭️ [SKIPPED] F:\Qoder\btc-collision-engine\data_logs\report_daily_20260517_031705.json (910 B) [DRY-RUN] 将被隔离
[00:00:24]   ⏭️ [SKIPPED] F:\Qoder\btc-collision-engine\data_logs\report_daily_20260517_031706.json (910 B) [DRY-RUN] 将被隔离
[00:00:24]   ⏭️ [SKIPPED] F:\Qoder\btc-collision-engine\data_logs\report_daily_20260517_031707.json (882 B) [DRY-RUN] 将被隔离
[00:00:24]   ⏭️ [SKIPPED] F:\Qoder\btc-collision-engine\data_logs\report_daily_20260517_031711.json (886 B) [DRY-RUN] 将被隔离
[00:00:24]   ⏭️ [SKIPPED] F:\Qoder\btc-collision-engine\data_logs\report_daily_20260517_031712.json (907 B) [DRY-RUN] 将被隔离
[00:00:24]   ⏭️ [SKIPPED] F:\Qoder\btc-collision-engine\data_logs\report_daily_20260517_031714.json (908 B) [DRY-RUN] 将被隔离
[00:00:24]   ⏭️ [SKIPPED] F:\Qoder\btc-collision-engine\data_logs\report_daily_20260517_031840.json (907 B) [DRY-RUN] 将被隔离
[00:00:24]   ⏭️ [SKIPPED] F:\Qoder\btc-collision-engine\data_logs\report_daily_20260517_031841.json (910 B) [DRY-RUN] 将被隔离
[00:00:24]   ⏭️ [SKIPPED] F:\Qoder\btc-collision-engine\data_logs\report_daily_20260517_031842.json (908 B) [DRY-RUN] 将被隔离
[00:00:24]   ⏭️ [SKIPPED] F:\Qoder\btc-collision-engine\data_logs\report_daily_20260517_031843.json (907 B) [DRY-RUN] 将被隔离
[00:00:24]   ⏭️ [SKIPPED] F:\Qoder\btc-collision-engine\data_logs\report_daily_20260517_031844.json (908 B) [DRY-RUN] 将被隔离
[00:00:24]   ⏭️ [SKIPPED] F:\Qoder\btc-collision-engine\data_logs\report_daily_20260517_031845.json (910 B) [DRY-RUN] 将被隔离
[00:00:24]   ⏭️ [SKIPPED] F:\Qoder\btc-collision-engine\data_logs\report_daily_20260517_031904.json (910 B) [DRY-RUN] 将被隔离
[00:00:24]   ⏭️ [SKIPPED] F:\Qoder\btc-collision-engine\data_logs\report_daily_20260517_031905.json (907 B) [DRY-RUN] 将被隔离
[00:00:24]   ⏭️ [SKIPPED] F:\Qoder\btc-collision-engine\data_logs\report_daily_20260517_031906.json (907 B) [DRY-RUN] 将被隔离
[00:00:24]   ⏭️ [SKIPPED] F:\Qoder\btc-collision-engine\data_logs\report_daily_20260517_031907.json (910 B) [DRY-RUN] 将被隔离
[00:00:24]   ⏭️ [SKIPPED] F:\Qoder\btc-collision-engine\data_logs\report_daily_20260517_031909.json (907 B) [DRY-RUN] 将被隔离
[00:00:24]   ⏭️ [SKIPPED] F:\Qoder\btc-collision-engine\data_logs\report_daily_20260517_031910.json (908 B) [DRY-RUN] 将被隔离
[00:00:24]   ⏭️ [SKIPPED] F:\Qoder\btc-collision-engine\data_logs\report_daily_20260517_031914.json (908 B) [DRY-RUN] 将被隔离
[00:00:24]   ⏭️ [SKIPPED] F:\Qoder\btc-collision-engine\data_logs\report_daily_20260517_031915.json (907 B) [DRY-RUN] 将被隔离
[00:00:24]   ⏭️ [SKIPPED] F:\Qoder\btc-collision-engine\data_logs\report_daily_20260517_031916.json (909 B) [DRY-RUN] 将被隔离
[00:00:24]   ⏭️ [SKIPPED] F:\Qoder\btc-collision-engine\data_logs\report_daily_20260517_031917.json (909 B) [DRY-RUN] 将被隔离
[00:00:24]   ⏭️ [SKIPPED] F:\Qoder\btc-collision-engine\data_logs\report_daily_20260517_031951.json (907 B) [DRY-RUN] 将被隔离
[00:00:24]   ⏭️ [SKIPPED] F:\Qoder\btc-collision-engine\data_logs\report_daily_20260517_031953.json (907 B) [DRY-RUN] 将被隔离
[00:00:24]   ⏭️ [SKIPPED] F:\Qoder\btc-collision-engine\data_logs\report_daily_20260517_031954.json (908 B) [DRY-RUN] 将被隔离
[00:00:24]   ⏭️ [SKIPPED] F:\Qoder\btc-collision-engine\data_logs\report_daily_20260517_031956.json (908 B) [DRY-RUN] 将被隔离
[00:00:24]   ⏭️ [SKIPPED] F:\Qoder\btc-collision-engine\data_logs\report_daily_20260517_031957.json (906 B) [DRY-RUN] 将被隔离
[00:00:24]   ⏭️ [SKIPPED] F:\Qoder\btc-collision-engine\data_logs\report_daily_20260517_031959.json (906 B) [DRY-RUN] 将被隔离
[00:00:24]   ⏭️ [SKIPPED] F:\Qoder\btc-collision-engine\data_logs\report_daily_20260517_032001.json (908 B) [DRY-RUN] 将被隔离
[00:00:24]   ⏭️ [SKIPPED] F:\Qoder\btc-collision-engine\data_logs\report_daily_20260517_032003.json (907 B) [DRY-RUN] 将被隔离
[00:00:24]   ⏭️ [SKIPPED] F:\Qoder\btc-collision-engine\data_logs\report_daily_20260517_032006.json (906 B) [DRY-RUN] 将被隔离
[00:00:24]   ⏭️ [SKIPPED] F:\Qoder\btc-collision-engine\data_logs\report_daily_20260517_032008.json (906 B) [DRY-RUN] 将被隔离
[00:00:24]   ⏭️ [SKIPPED] F:\Qoder\btc-collision-engine\data_logs\report_daily_20260517_032010.json (907 B) [DRY-RUN] 将被隔离
[00:00:24]   ⏭️ [SKIPPED] F:\Qoder\btc-collision-engine\data_logs\report_daily_20260517_032011.json (906 B) [DRY-RUN] 将被隔离
[00:00:24]   ⏭️ [SKIPPED] F:\Qoder\btc-collision-engine\data_logs\report_daily_20260517_032013.json (906 B) [DRY-RUN] 将被隔离
[00:00:24]   ⏭️ [SKIPPED] F:\Qoder\btc-collision-engine\data_logs\report_daily_20260517_032017.json (908 B) [DRY-RUN] 将被隔离
[00:00:24]   ⏭️ [SKIPPED] F:\Qoder\btc-collision-engine\data_logs\report_daily_20260517_032019.json (906 B) [DRY-RUN] 将被隔离
[00:00:24]   ⏭️ [SKIPPED] F:\Qoder\btc-collision-engine\data_logs\report_daily_20260517_032021.json (907 B) [DRY-RUN] 将被隔离
[00:00:24]   ⏭️ [SKIPPED] F:\Qoder\btc-collision-engine\data_logs\report_daily_20260517_220318.json (909 B) [DRY-RUN] 将被隔离
[00:00:24]   ⏭️ [SKIPPED] F:\Qoder\btc-collision-engine\data_logs\report_daily_20260517_220319.json (907 B) [DRY-RUN] 将被隔离
[00:00:24]   ⏭️ [SKIPPED] F:\Qoder\btc-collision-engine\data_logs\report_daily_20260517_220320.json (908 B) [DRY-RUN] 将被隔离
[00:00:24]   ⏭️ [SKIPPED] F:\Qoder\btc-collision-engine\data_logs\report_daily_20260517_220323.json (908 B) [DRY-RUN] 将被隔离
[00:00:24]   ⏭️ [SKIPPED] F:\Qoder\btc-collision-engine\data_logs\report_daily_20260517_220324.json (904 B) [DRY-RUN] 将被隔离
[00:00:24]   ⏭️ [SKIPPED] F:\Qoder\btc-collision-engine\data_logs\report_daily_20260517_220328.json (911 B) [DRY-RUN] 将被隔离
[00:00:24]   ⏭️ [SKIPPED] F:\Qoder\btc-collision-engine\data_logs\report_daily_20260517_220329.json (908 B) [DRY-RUN] 将被隔离
[00:00:24]   ⏭️ [SKIPPED] F:\Qoder\btc-collision-engine\data_logs\report_daily_20260517_220331.json (907 B) [DRY-RUN] 将被隔离
[00:00:24]   ⏭️ [SKIPPED] F:\Qoder\btc-collision-engine\data_logs\report_daily_20260517_222831.json (907 B) [DRY-RUN] 将被隔离
[00:00:24]   ⏭️ [SKIPPED] F:\Qoder\btc-collision-engine\data_logs\report_daily_20260517_222832.json (908 B) [DRY-RUN] 将被隔离
[00:00:24]   ⏭️ [SKIPPED] F:\Qoder\btc-collision-engine\data_logs\report_daily_20260517_222834.json (911 B) [DRY-RUN] 将被隔离
[00:00:24]   ⏭️ [SKIPPED] F:\Qoder\btc-collision-engine\data_logs\report_daily_20260517_222835.json (911 B) [DRY-RUN] 将被隔离
[00:00:24]   ⏭️ [SKIPPED] F:\Qoder\btc-collision-engine\data_logs\report_daily_20260517_222836.json (909 B) [DRY-RUN] 将被隔离
[00:00:24]   ⏭️ [SKIPPED] F:\Qoder\btc-collision-engine\data_logs\report_daily_20260517_222837.json (909 B) [DRY-RUN] 将被隔离
[00:00:24]   ⏭️ [SKIPPED] F:\Qoder\btc-collision-engine\data_logs\report_daily_20260517_222838.json (910 B) [DRY-RUN] 将被隔离
[00:00:24]   ⏭️ [SKIPPED] F:\Qoder\btc-collision-engine\data_logs\report_daily_20260517_222840.json (909 B) [DRY-RUN] 将被隔离
[00:00:24]   ⏭️ [SKIPPED] F:\Qoder\btc-collision-engine\data_logs\report_daily_20260517_222842.json (908 B) [DRY-RUN] 将被隔离
[00:00:24]   ⏭️ [SKIPPED] F:\Qoder\btc-collision-engine\data_logs\report_daily_20260517_225310.json (908 B) [DRY-RUN] 将被隔离
[00:00:24]   ⏭️ [SKIPPED] F:\Qoder\btc-collision-engine\data_logs\report_daily_20260517_225311.json (908 B) [DRY-RUN] 将被隔离
[00:00:24]   ⏭️ [SKIPPED] F:\Qoder\btc-collision-engine\data_logs\report_daily_20260517_225312.json (907 B) [DRY-RUN] 将被隔离
[00:00:24]   ⏭️ [SKIPPED] F:\Qoder\btc-collision-engine\data_logs\report_daily_20260517_225313.json (907 B) [DRY-RUN] 将被隔离
[00:00:24]   ⏭️ [SKIPPED] F:\Qoder\btc-collision-engine\data_logs\report_daily_20260517_225314.json (911 B) [DRY-RUN] 将被隔离
[00:00:24]   ⏭️ [SKIPPED] F:\Qoder\btc-collision-engine\data_logs\report_daily_20260517_225315.json (910 B) [DRY-RUN] 将被隔离
[00:00:24]   ⏭️ [SKIPPED] F:\Qoder\btc-collision-engine\data_logs\report_daily_20260517_225316.json (910 B) [DRY-RUN] 将被隔离
[00:00:24]   ⏭️ [SKIPPED] F:\Qoder\btc-collision-engine\data_logs\report_daily_20260517_225326.json (910 B) [DRY-RUN] 将被隔离
[00:00:24]   ⏭️ [SKIPPED] F:\Qoder\btc-collision-engine\data_logs\report_daily_20260517_225549.json (909 B) [DRY-RUN] 将被隔离
[00:00:24]   ⏭️ [SKIPPED] F:\Qoder\btc-collision-engine\data_logs\report_daily_20260517_225550.json (908 B) [DRY-RUN] 将被隔离
[00:00:24]   ⏭️ [SKIPPED] F:\Qoder\btc-collision-engine\data_logs\report_daily_20260517_225551.json (909 B) [DRY-RUN] 将被隔离
[00:00:24]   ⏭️ [SKIPPED] F:\Qoder\btc-collision-engine\data_logs\report_daily_20260517_225555.json (910 B) [DRY-RUN] 将被隔离
[00:00:24]   ⏭️ [SKIPPED] F:\Qoder\btc-collision-engine\data_logs\report_daily_20260517_225556.json (909 B) [DRY-RUN] 将被隔离
[00:00:24]   ⏭️ [SKIPPED] F:\Qoder\btc-collision-engine\data_logs\report_daily_20260517_225557.json (909 B) [DRY-RUN] 将被隔离
[00:00:24]   ⏭️ [SKIPPED] F:\Qoder\btc-collision-engine\data_logs\report_daily_20260517_225600.json (906 B) [DRY-RUN] 将被隔离
[00:00:24]   ⏭️ [SKIPPED] F:\Qoder\btc-collision-engine\data_logs\report_daily_20260517_225601.json (900 B) [DRY-RUN] 将被隔离
[00:00:24]   ⏭️ [SKIPPED] F:\Qoder\btc-collision-engine\data_logs\report_daily_20260517_225603.json (900 B) [DRY-RUN] 将被隔离
[00:00:24]   ⏭️ [SKIPPED] F:\Qoder\btc-collision-engine\data_logs\report_daily_20260517_225605.json (908 B) [DRY-RUN] 将被隔离
[00:00:24]   ⏭️ [SKIPPED] F:\Qoder\btc-collision-engine\data_logs\report_daily_20260517_225608.json (908 B) [DRY-RUN] 将被隔离
[00:00:24]   ⏭️ [SKIPPED] F:\Qoder\btc-collision-engine\data_logs\report_daily_20260517_225609.json (909 B) [DRY-RUN] 将被隔离
[00:00:24]   ⏭️ [SKIPPED] F:\Qoder\btc-collision-engine\data_logs\report_daily_20260517_225611.json (905 B) [DRY-RUN] 将被隔离
[00:00:24]   ⏭️ [SKIPPED] F:\Qoder\btc-collision-engine\data_logs\report_daily_20260517_225613.json (905 B) [DRY-RUN] 将被隔离
[00:00:24]   ⏭️ [SKIPPED] F:\Qoder\btc-collision-engine\data_logs\report_daily_20260517_225614.json (910 B) [DRY-RUN] 将被隔离
[00:00:24]   ⏭️ [SKIPPED] F:\Qoder\btc-collision-engine\data_logs\report_daily_20260517_225616.json (910 B) [DRY-RUN] 将被隔离
[00:00:24]   ⏭️ [SKIPPED] F:\Qoder\btc-collision-engine\data_logs\report_daily_20260517_225630.json (910 B) [DRY-RUN] 将被隔离
[00:00:24]   ⏭️ [SKIPPED] F:\Qoder\btc-collision-engine\data_logs\report_daily_20260517_225631.json (908 B) [DRY-RUN] 将被隔离
[00:00:24]   ⏭️ [SKIPPED] F:\Qoder\btc-collision-engine\data_logs\report_daily_20260517_225633.json (907 B) [DRY-RUN] 将被隔离
[00:00:24]   ⏭️ [SKIPPED] F:\Qoder\btc-collision-engine\data_logs\report_daily_20260517_225637.json (909 B) [DRY-RUN] 将被隔离
[00:00:24]   ⏭️ [SKIPPED] F:\Qoder\btc-collision-engine\data_logs\report_daily_20260517_225638.json (909 B) [DRY-RUN] 将被隔离
[00:00:24]   ⏭️ [SKIPPED] F:\Qoder\btc-collision-engine\data_logs\report_daily_20260517_225639.json (909 B) [DRY-RUN] 将被隔离
[00:00:24]   ⏭️ [SKIPPED] F:\Qoder\btc-collision-engine\data_logs\report_daily_20260517_225643.json (906 B) [DRY-RUN] 将被隔离
[00:00:24]   ⏭️ [SKIPPED] F:\Qoder\btc-collision-engine\data_logs\report_daily_20260517_225644.json (906 B) [DRY-RUN] 将被隔离
[00:00:24]   ⏭️ [SKIPPED] F:\Qoder\btc-collision-engine\data_logs\report_daily_20260517_225647.json (909 B) [DRY-RUN] 将被隔离
[00:00:24]   ⏭️ [SKIPPED] F:\Qoder\btc-collision-engine\data_logs\report_daily_20260517_225857.json (909 B) [DRY-RUN] 将被隔离
[00:00:24]   ⏭️ [SKIPPED] F:\Qoder\btc-collision-engine\data_logs\report_daily_20260517_225912.json (909 B) [DRY-RUN] 将被隔离
[00:00:24]   ⏭️ [SKIPPED] F:\Qoder\btc-collision-engine\data_logs\report_daily_20260517_230113.json (906 B) [DRY-RUN] 将被隔离
[00:00:24]   ⏭️ [SKIPPED] F:\Qoder\btc-collision-engine\data_logs\report_daily_20260517_230115.json (911 B) [DRY-RUN] 将被隔离
[00:00:24]   ⏭️ [SKIPPED] F:\Qoder\btc-collision-engine\data_logs\report_daily_20260517_230118.json (913 B) [DRY-RUN] 将被隔离
[00:00:24]   ⏭️ [SKIPPED] F:\Qoder\btc-collision-engine\data_logs\report_daily_20260517_230121.json (913 B) [DRY-RUN] 将被隔离
[00:00:24]   ⏭️ [SKIPPED] F:\Qoder\btc-collision-engine\data_logs\report_daily_20260517_230123.json (911 B) [DRY-RUN] 将被隔离
[00:00:24]   ⏭️ [SKIPPED] F:\Qoder\btc-collision-engine\data_logs\report_daily_20260517_230125.json (911 B) [DRY-RUN] 将被隔离
[00:00:24]   ⏭️ [SKIPPED] F:\Qoder\btc-collision-engine\data_logs\report_daily_20260517_230127.json (905 B) [DRY-RUN] 将被隔离
[00:00:24]   ⏭️ [SKIPPED] F:\Qoder\btc-collision-engine\data_logs\report_daily_20260517_230129.json (907 B) [DRY-RUN] 将被隔离
[00:00:24]   ⏭️ [SKIPPED] F:\Qoder\btc-collision-engine\data_logs\report_daily_20260517_230131.json (907 B) [DRY-RUN] 将被隔离
[00:00:24]   ⏭️ [SKIPPED] F:\Qoder\btc-collision-engine\data_logs\report_daily_20260517_230132.json (889 B) [DRY-RUN] 将被隔离
[00:00:24]   ⏭️ [SKIPPED] F:\Qoder\btc-collision-engine\data_logs\report_daily_20260517_230134.json (889 B) [DRY-RUN] 将被隔离
[00:00:24]   ⏭️ [SKIPPED] F:\Qoder\btc-collision-engine\data_logs\report_daily_20260517_230205.json (903 B) [DRY-RUN] 将被隔离
[00:00:24]   ⏭️ [SKIPPED] F:\Qoder\btc-collision-engine\data_logs\report_daily_20260517_230207.json (908 B) [DRY-RUN] 将被隔离
[00:00:24]   ⏭️ [SKIPPED] F:\Qoder\btc-collision-engine\data_logs\report_daily_20260517_230210.json (910 B) [DRY-RUN] 将被隔离
[00:00:24]   ⏭️ [SKIPPED] F:\Qoder\btc-collision-engine\data_logs\report_daily_20260517_230211.json (908 B) [DRY-RUN] 将被隔离
[00:00:24]   ⏭️ [SKIPPED] F:\Qoder\btc-collision-engine\data_logs\report_daily_20260517_230212.json (908 B) [DRY-RUN] 将被隔离
[00:00:24]   ⏭️ [SKIPPED] F:\Qoder\btc-collision-engine\data_logs\report_daily_20260517_230216.json (908 B) [DRY-RUN] 将被隔离
[00:00:24]   ⏭️ [SKIPPED] F:\Qoder\btc-collision-engine\data_logs\report_daily_20260517_230217.json (906 B) [DRY-RUN] 将被隔离
[00:00:24]   ⏭️ [SKIPPED] F:\Qoder\btc-collision-engine\data_logs\report_daily_20260517_230221.json (906 B) [DRY-RUN] 将被隔离
[00:00:24]   ⏭️ [SKIPPED] F:\Qoder\btc-collision-engine\data_logs\report_daily_20260517_230222.json (908 B) [DRY-RUN] 将被隔离
[00:00:24]   ⏭️ [SKIPPED] F:\Qoder\btc-collision-engine\data_logs\report_daily_20260517_230232.json (907 B) [DRY-RUN] 将被隔离
[00:00:24]   ⏭️ [SKIPPED] F:\Qoder\btc-collision-engine\data_logs\report_daily_20260517_230303.json (907 B) [DRY-RUN] 将被隔离
[00:00:24]   ⏭️ [SKIPPED] F:\Qoder\btc-collision-engine\data_logs\report_daily_20260517_230306.json (909 B) [DRY-RUN] 将被隔离
[00:00:24]   ⏭️ [SKIPPED] F:\Qoder\btc-collision-engine\data_logs\report_daily_20260517_230308.json (907 B) [DRY-RUN] 将被隔离
[00:00:24]   ⏭️ [SKIPPED] F:\Qoder\btc-collision-engine\data_logs\report_daily_20260517_230311.json (907 B) [DRY-RUN] 将被隔离
[00:00:24]   ⏭️ [SKIPPED] F:\Qoder\btc-collision-engine\data_logs\report_daily_20260517_230312.json (908 B) [DRY-RUN] 将被隔离
[00:00:24]   ⏭️ [SKIPPED] F:\Qoder\btc-collision-engine\data_logs\report_daily_20260517_230315.json (908 B) [DRY-RUN] 将被隔离
[00:00:24]   ⏭️ [SKIPPED] F:\Qoder\btc-collision-engine\data_logs\report_daily_20260517_230316.json (909 B) [DRY-RUN] 将被隔离
[00:00:24]   ⏭️ [SKIPPED] F:\Qoder\btc-collision-engine\data_logs\report_daily_20260517_230318.json (909 B) [DRY-RUN] 将被隔离
[00:00:24]   ⏭️ [SKIPPED] F:\Qoder\btc-collision-engine\data_logs\report_daily_20260517_230320.json (908 B) [DRY-RUN] 将被隔离
[00:00:24]   ⏭️ [SKIPPED] F:\Qoder\btc-collision-engine\data_logs\report_daily_20260517_231912.json (908 B) [DRY-RUN] 将被隔离
[00:00:24]   ⏭️ [SKIPPED] F:\Qoder\btc-collision-engine\data_logs\report_daily_20260517_231913.json (908 B) [DRY-RUN] 将被隔离
[00:00:24]   ⏭️ [SKIPPED] F:\Qoder\btc-collision-engine\data_logs\report_daily_20260517_231914.json (910 B) [DRY-RUN] 将被隔离
[00:00:24]   ⏭️ [SKIPPED] F:\Qoder\btc-collision-engine\data_logs\report_daily_20260517_231915.json (908 B) [DRY-RUN] 将被隔离
[00:00:24]   ⏭️ [SKIPPED] F:\Qoder\btc-collision-engine\data_logs\report_daily_20260517_231917.json (906 B) [DRY-RUN] 将被隔离
[00:00:24]   ⏭️ [SKIPPED] F:\Qoder\btc-collision-engine\data_logs\report_daily_20260517_231918.json (906 B) [DRY-RUN] 将被隔离
[00:00:24]   ⏭️ [SKIPPED] F:\Qoder\btc-collision-engine\data_logs\report_daily_20260517_231928.json (908 B) [DRY-RUN] 将被隔离
[00:00:24]   ⏭️ [SKIPPED] F:\Qoder\btc-collision-engine\data_logs\report_daily_20260518_155334.json (674 B) [DRY-RUN] 将被隔离
[00:00:24]   ⏭️ [SKIPPED] F:\Qoder\btc-collision-engine\data_logs\report_daily_20260518_155335.json (674 B) [DRY-RUN] 将被隔离
[00:00:24]   ⏭️ [SKIPPED] F:\Qoder\btc-collision-engine\data_logs\report_daily_20260518_155336.json (827 B) [DRY-RUN] 将被隔离
[00:00:24]   ⏭️ [SKIPPED] F:\Qoder\btc-collision-engine\data_logs\report_daily_20260518_155337.json (931 B) [DRY-RUN] 将被隔离
[00:00:24]   ⏭️ [SKIPPED] F:\Qoder\btc-collision-engine\data_logs\report_daily_20260518_155339.json (913 B) [DRY-RUN] 将被隔离
[00:00:24]   ⏭️ [SKIPPED] F:\Qoder\btc-collision-engine\data_logs\report_daily_20260518_155340.json (913 B) [DRY-RUN] 将被隔离
[00:00:24]   ⏭️ [SKIPPED] F:\Qoder\btc-collision-engine\data_logs\report_daily_20260518_155341.json (904 B) [DRY-RUN] 将被隔离
[00:00:24]   ⏭️ [SKIPPED] F:\Qoder\btc-collision-engine\data_logs\report_daily_20260518_155342.json (968 B) [DRY-RUN] 将被隔离
[00:00:24]   ⏭️ [SKIPPED] F:\Qoder\btc-collision-engine\data_logs\report_daily_20260518_155343.json (968 B) [DRY-RUN] 将被隔离
[00:00:24]   ⏭️ [SKIPPED] F:\Qoder\btc-collision-engine\data_logs\report_daily_20260518_155345.json (966 B) [DRY-RUN] 将被隔离
[00:00:24]   ⏭️ [SKIPPED] F:\Qoder\btc-collision-engine\data_logs\report_daily_20260518_155346.json (904 B) [DRY-RUN] 将被隔离
[00:00:24]   ⏭️ [SKIPPED] F:\Qoder\btc-collision-engine\data_logs\report_daily_20260518_155347.json (964 B) [DRY-RUN] 将被隔离
[00:00:24]   ⏭️ [SKIPPED] F:\Qoder\btc-collision-engine\data_logs\report_daily_20260518_155407.json (964 B) [DRY-RUN] 将被隔离
[00:00:24]   ⏭️ [SKIPPED] F:\Qoder\btc-collision-engine\data_logs\report_daily_20260518_155408.json (941 B) [DRY-RUN] 将被隔离
[00:00:24]   ⏭️ [SKIPPED] F:\Qoder\btc-collision-engine\data_logs\report_daily_20260518_155409.json (965 B) [DRY-RUN] 将被隔离
[00:00:24]   ⏭️ [SKIPPED] F:\Qoder\btc-collision-engine\data_logs\report_daily_20260518_155410.json (965 B) [DRY-RUN] 将被隔离
[00:00:24]   ⏭️ [SKIPPED] F:\Qoder\btc-collision-engine\data_logs\report_daily_20260518_155411.json (835 B) [DRY-RUN] 将被隔离
[00:00:24]   ⏭️ [SKIPPED] F:\Qoder\btc-collision-engine\data_logs\report_daily_20260518_155412.json (870 B) [DRY-RUN] 将被隔离
[00:00:24]   ⏭️ [SKIPPED] F:\Qoder\btc-collision-engine\data_logs\report_daily_20260518_155413.json (893 B) [DRY-RUN] 将被隔离
[00:00:24]   ⏭️ [SKIPPED] F:\Qoder\btc-collision-engine\data_logs\report_daily_20260518_155414.json (895 B) [DRY-RUN] 将被隔离
[00:00:24]   ⏭️ [SKIPPED] F:\Qoder\btc-collision-engine\data_logs\report_daily_20260518_155417.json (895 B) [DRY-RUN] 将被隔离
[00:00:24]   ⏭️ [SKIPPED] F:\Qoder\btc-collision-engine\data_logs\report_daily_20260518_155418.json (848 B) [DRY-RUN] 将被隔离
[00:00:24]   ⏭️ [SKIPPED] F:\Qoder\btc-collision-engine\data_logs\report_daily_20260518_155419.json (870 B) [DRY-RUN] 将被隔离
[00:00:24]   ⏭️ [SKIPPED] F:\Qoder\btc-collision-engine\data_logs\report_daily_20260518_155423.json (882 B) [DRY-RUN] 将被隔离
[00:00:24]   ⏭️ [SKIPPED] F:\Qoder\btc-collision-engine\data_logs\report_daily_20260518_155424.json (893 B) [DRY-RUN] 将被隔离
[00:00:24]   ⏭️ [SKIPPED] F:\Qoder\btc-collision-engine\data_logs\report_daily_20260518_155425.json (896 B) [DRY-RUN] 将被隔离
[00:00:24]   ⏭️ [SKIPPED] F:\Qoder\btc-collision-engine\data_logs\report_daily_20260518_155426.json (894 B) [DRY-RUN] 将被隔离
[00:00:24]   ⏭️ [SKIPPED] F:\Qoder\btc-collision-engine\data_logs\report_daily_20260518_155427.json (898 B) [DRY-RUN] 将被隔离
[00:00:24]   ⏭️ [SKIPPED] F:\Qoder\btc-collision-engine\data_logs\report_daily_20260518_155428.json (898 B) [DRY-RUN] 将被隔离
[00:00:24]   ⏭️ [SKIPPED] F:\Qoder\btc-collision-engine\data_logs\report_daily_20260518_155429.json (894 B) [DRY-RUN] 将被隔离
[00:00:24]   ⏭️ [SKIPPED] F:\Qoder\btc-collision-engine\data_logs\report_daily_20260518_155431.json (896 B) [DRY-RUN] 将被隔离
[00:00:24]   ⏭️ [SKIPPED] F:\Qoder\btc-collision-engine\data_logs\report_daily_20260518_155432.json (896 B) [DRY-RUN] 将被隔离
[00:00:24]   ⏭️ [SKIPPED] F:\Qoder\btc-collision-engine\data_logs\report_daily_20260518_155433.json (892 B) [DRY-RUN] 将被隔离
[00:00:24]   ⏭️ [SKIPPED] F:\Qoder\btc-collision-engine\data_logs\report_daily_20260518_155434.json (892 B) [DRY-RUN] 将被隔离
[00:00:24]   ⏭️ [SKIPPED] F:\Qoder\btc-collision-engine\data_logs\report_daily_20260518_155435.json (893 B) [DRY-RUN] 将被隔离
[00:00:24]   ⏭️ [SKIPPED] F:\Qoder\btc-collision-engine\data_logs\report_daily_20260518_155436.json (893 B) [DRY-RUN] 将被隔离
[00:00:24]   ⏭️ [SKIPPED] F:\Qoder\btc-collision-engine\data_logs\report_daily_20260518_155437.json (896 B) [DRY-RUN] 将被隔离
[00:00:24]   ⏭️ [SKIPPED] F:\Qoder\btc-collision-engine\data_logs\report_daily_20260518_155438.json (881 B) [DRY-RUN] 将被隔离
[00:00:24]   ⏭️ [SKIPPED] F:\Qoder\btc-collision-engine\data_logs\report_daily_20260518_155439.json (897 B) [DRY-RUN] 将被隔离
[00:00:24]   ⏭️ [SKIPPED] F:\Qoder\btc-collision-engine\data_logs\report_daily_20260518_155440.json (895 B) [DRY-RUN] 将被隔离
[00:00:24]   ⏭️ [SKIPPED] F:\Qoder\btc-collision-engine\data_logs\report_daily_20260518_155441.json (895 B) [DRY-RUN] 将被隔离
[00:00:24]   ⏭️ [SKIPPED] F:\Qoder\btc-collision-engine\data_logs\report_daily_20260518_155442.json (894 B) [DRY-RUN] 将被隔离
[00:00:24]   ⏭️ [SKIPPED] F:\Qoder\btc-collision-engine\data_logs\report_daily_20260518_155443.json (897 B) [DRY-RUN] 将被隔离
[00:00:24]   ⏭️ [SKIPPED] F:\Qoder\btc-collision-engine\data_logs\report_daily_20260518_155444.json (875 B) [DRY-RUN] 将被隔离
[00:00:24]   ⏭️ [SKIPPED] F:\Qoder\btc-collision-engine\data_logs\report_daily_20260518_155445.json (900 B) [DRY-RUN] 将被隔离
[00:00:24]   ⏭️ [SKIPPED] F:\Qoder\btc-collision-engine\data_logs\report_daily_20260518_155446.json (869 B) [DRY-RUN] 将被隔离
[00:00:24]   ⏭️ [SKIPPED] F:\Qoder\btc-collision-engine\data_logs\report_daily_20260518_155447.json (886 B) [DRY-RUN] 将被隔离
[00:00:24]   ⏭️ [SKIPPED] F:\Qoder\btc-collision-engine\data_logs\report_daily_20260518_155448.json (895 B) [DRY-RUN] 将被隔离
[00:00:24]   ⏭️ [SKIPPED] F:\Qoder\btc-collision-engine\data_logs\report_daily_20260518_155450.json (896 B) [DRY-RUN] 将被隔离
[00:00:24]   ⏭️ [SKIPPED] F:\Qoder\btc-collision-engine\data_logs\report_daily_20260518_155451.json (896 B) [DRY-RUN] 将被隔离
[00:00:24]   ⏭️ [SKIPPED] F:\Qoder\btc-collision-engine\data_logs\report_daily_20260518_155452.json (898 B) [DRY-RUN] 将被隔离
[00:00:24]   ⏭️ [SKIPPED] F:\Qoder\btc-collision-engine\data_logs\report_daily_20260518_155453.json (898 B) [DRY-RUN] 将被隔离
[00:00:24]   ⏭️ [SKIPPED] F:\Qoder\btc-collision-engine\data_logs\report_daily_20260518_155454.json (854 B) [DRY-RUN] 将被隔离
[00:00:24]   ⏭️ [SKIPPED] F:\Qoder\btc-collision-engine\data_logs\report_daily_20260518_155455.json (854 B) [DRY-RUN] 将被隔离
[00:00:24]   ⏭️ [SKIPPED] F:\Qoder\btc-collision-engine\data_logs\report_daily_20260518_155456.json (894 B) [DRY-RUN] 将被隔离
[00:00:24]   ⏭️ [SKIPPED] F:\Qoder\btc-collision-engine\data_logs\report_daily_20260518_155457.json (898 B) [DRY-RUN] 将被隔离
[00:00:24]   ⏭️ [SKIPPED] F:\Qoder\btc-collision-engine\data_logs\report_daily_20260518_155458.json (898 B) [DRY-RUN] 将被隔离
[00:00:24]   ⏭️ [SKIPPED] F:\Qoder\btc-collision-engine\data_logs\report_daily_20260518_155500.json (895 B) [DRY-RUN] 将被隔离
[00:00:24]   ⏭️ [SKIPPED] F:\Qoder\btc-collision-engine\data_logs\report_daily_20260518_155501.json (895 B) [DRY-RUN] 将被隔离
[00:00:24]   ⏭️ [SKIPPED] F:\Qoder\btc-collision-engine\data_logs\report_daily_20260518_155504.json (899 B) [DRY-RUN] 将被隔离
[00:00:24]   ⏭️ [SKIPPED] F:\Qoder\btc-collision-engine\data_logs\report_daily_20260518_161809.json (884 B) [DRY-RUN] 将被隔离
[00:00:24]   ⏭️ [SKIPPED] F:\Qoder\btc-collision-engine\data_logs\report_daily_20260518_161812.json (897 B) [DRY-RUN] 将被隔离
[00:00:24]   ⏭️ [SKIPPED] F:\Qoder\btc-collision-engine\data_logs\report_daily_20260518_161821.json (897 B) [DRY-RUN] 将被隔离
[00:00:24]   ⏭️ [SKIPPED] F:\Qoder\btc-collision-engine\data_logs\report_daily_20260518_161822.json (899 B) [DRY-RUN] 将被隔离
[00:00:24]   ⏭️ [SKIPPED] F:\Qoder\btc-collision-engine\data_logs\report_daily_20260518_161823.json (898 B) [DRY-RUN] 将被隔离
[00:00:24]   ⏭️ [SKIPPED] F:\Qoder\btc-collision-engine\data_logs\report_daily_20260518_161824.json (892 B) [DRY-RUN] 将被隔离
[00:00:24]   ⏭️ [SKIPPED] F:\Qoder\btc-collision-engine\data_logs\report_daily_20260518_161825.json (898 B) [DRY-RUN] 将被隔离
[00:00:24]   ⏭️ [SKIPPED] F:\Qoder\btc-collision-engine\data_logs\report_daily_20260518_161826.json (898 B) [DRY-RUN] 将被隔离
[00:00:24]   ⏭️ [SKIPPED] F:\Qoder\btc-collision-engine\data_logs\report_daily_20260518_161827.json (899 B) [DRY-RUN] 将被隔离
[00:00:24]   ⏭️ [SKIPPED] F:\Qoder\btc-collision-engine\data_logs\report_daily_20260518_161828.json (898 B) [DRY-RUN] 将被隔离
[00:00:24]   ⏭️ [SKIPPED] F:\Qoder\btc-collision-engine\data_logs\report_daily_20260518_161830.json (898 B) [DRY-RUN] 将被隔离
[00:00:24]   ⏭️ [SKIPPED] F:\Qoder\btc-collision-engine\data_logs\report_daily_20260518_161831.json (895 B) [DRY-RUN] 将被隔离
[00:00:24]   ⏭️ [SKIPPED] F:\Qoder\btc-collision-engine\data_logs\report_daily_20260518_161832.json (899 B) [DRY-RUN] 将被隔离
[00:00:24]   ⏭️ [SKIPPED] F:\Qoder\btc-collision-engine\data_logs\report_daily_20260518_161848.json (899 B) [DRY-RUN] 将被隔离
[00:00:24]   ⏭️ [SKIPPED] F:\Qoder\btc-collision-engine\data_logs\report_daily_20260518_161849.json (899 B) [DRY-RUN] 将被隔离
[00:00:24]   ⏭️ [SKIPPED] F:\Qoder\btc-collision-engine\data_logs\report_daily_20260518_161850.json (899 B) [DRY-RUN] 将被隔离
[00:00:24]   ⏭️ [SKIPPED] F:\Qoder\btc-collision-engine\data_logs\report_daily_20260518_161851.json (899 B) [DRY-RUN] 将被隔离
[00:00:24]   ⏭️ [SKIPPED] F:\Qoder\btc-collision-engine\data_logs\report_daily_20260518_161854.json (897 B) [DRY-RUN] 将被隔离
[00:00:24]   ⏭️ [SKIPPED] F:\Qoder\btc-collision-engine\data_logs\report_daily_20260518_161855.json (898 B) [DRY-RUN] 将被隔离
[00:00:24]   ⏭️ [SKIPPED] F:\Qoder\btc-collision-engine\data_logs\report_daily_20260518_161858.json (897 B) [DRY-RUN] 将被隔离
[00:00:24]   ⏭️ [SKIPPED] F:\Qoder\btc-collision-engine\data_logs\report_daily_20260518_161859.json (876 B) [DRY-RUN] 将被隔离
[00:00:24]   ⏭️ [SKIPPED] F:\Qoder\btc-collision-engine\data_logs\report_daily_20260518_161900.json (896 B) [DRY-RUN] 将被隔离
[00:00:24]   ⏭️ [SKIPPED] F:\Qoder\btc-collision-engine\data_logs\report_daily_20260518_161901.json (896 B) [DRY-RUN] 将被隔离
[00:00:24]   ⏭️ [SKIPPED] F:\Qoder\btc-collision-engine\data_logs\report_daily_20260518_161902.json (896 B) [DRY-RUN] 将被隔离
[00:00:24]   ⏭️ [SKIPPED] F:\Qoder\btc-collision-engine\data_logs\report_daily_20260518_161903.json (899 B) [DRY-RUN] 将被隔离
[00:00:24]   ⏭️ [SKIPPED] F:\Qoder\btc-collision-engine\data_logs\report_daily_20260518_161904.json (898 B) [DRY-RUN] 将被隔离
[00:00:24]   ⏭️ [SKIPPED] F:\Qoder\btc-collision-engine\data_logs\report_daily_20260518_161905.json (899 B) [DRY-RUN] 将被隔离
[00:00:24]   ⏭️ [SKIPPED] F:\Qoder\btc-collision-engine\data_logs\report_daily_20260518_161906.json (898 B) [DRY-RUN] 将被隔离
[00:00:24]   ⏭️ [SKIPPED] F:\Qoder\btc-collision-engine\data_logs\report_daily_20260518_161907.json (898 B) [DRY-RUN] 将被隔离
[00:00:24]   ⏭️ [SKIPPED] F:\Qoder\btc-collision-engine\data_logs\report_daily_20260518_161908.json (899 B) [DRY-RUN] 将被隔离
[00:00:24]   ⏭️ [SKIPPED] F:\Qoder\btc-collision-engine\data_logs\report_daily_20260518_161909.json (897 B) [DRY-RUN] 将被隔离
[00:00:24]   ⏭️ [SKIPPED] F:\Qoder\btc-collision-engine\data_logs\report_daily_20260518_161910.json (897 B) [DRY-RUN] 将被隔离
[00:00:24]   ⏭️ [SKIPPED] F:\Qoder\btc-collision-engine\data_logs\report_daily_20260518_161911.json (897 B) [DRY-RUN] 将被隔离
[00:00:24]   ⏭️ [SKIPPED] F:\Qoder\btc-collision-engine\data_logs\report_daily_20260518_161912.json (897 B) [DRY-RUN] 将被隔离
[00:00:24]   ⏭️ [SKIPPED] F:\Qoder\btc-collision-engine\data_logs\report_daily_20260518_161914.json (897 B) [DRY-RUN] 将被隔离
[00:00:24]   ⏭️ [SKIPPED] F:\Qoder\btc-collision-engine\data_logs\report_daily_20260518_161916.json (899 B) [DRY-RUN] 将被隔离
[00:00:24]   ⏭️ [SKIPPED] F:\Qoder\btc-collision-engine\data_logs\report_daily_20260518_161917.json (897 B) [DRY-RUN] 将被隔离
[00:00:24]   ⏭️ [SKIPPED] F:\Qoder\btc-collision-engine\data_logs\report_daily_20260518_161918.json (898 B) [DRY-RUN] 将被隔离
[00:00:24]   ⏭️ [SKIPPED] F:\Qoder\btc-collision-engine\data_logs\report_daily_20260518_161919.json (898 B) [DRY-RUN] 将被隔离
[00:00:24]   ⏭️ [SKIPPED] F:\Qoder\btc-collision-engine\data_logs\report_daily_20260518_161920.json (898 B) [DRY-RUN] 将被隔离
[00:00:24]   ⏭️ [SKIPPED] F:\Qoder\btc-collision-engine\data_logs\report_daily_20260518_161923.json (894 B) [DRY-RUN] 将被隔离
[00:00:24]   ⏭️ [SKIPPED] F:\Qoder\btc-collision-engine\data_logs\report_daily_20260518_161924.json (896 B) [DRY-RUN] 将被隔离
[00:00:24]   ⏭️ [SKIPPED] F:\Qoder\btc-collision-engine\data_logs\report_daily_20260518_161925.json (901 B) [DRY-RUN] 将被隔离
[00:00:24]   ⏭️ [SKIPPED] F:\Qoder\btc-collision-engine\data_logs\report_daily_20260518_161926.json (901 B) [DRY-RUN] 将被隔离
[00:00:24]   ⏭️ [SKIPPED] F:\Qoder\btc-collision-engine\data_logs\report_daily_20260518_161927.json (898 B) [DRY-RUN] 将被隔离
[00:00:24]   ⏭️ [SKIPPED] F:\Qoder\btc-collision-engine\data_logs\report_daily_20260518_161928.json (895 B) [DRY-RUN] 将被隔离
[00:00:24]   ⏭️ [SKIPPED] F:\Qoder\btc-collision-engine\data_logs\report_daily_20260518_161929.json (895 B) [DRY-RUN] 将被隔离
[00:00:24]   ⏭️ [SKIPPED] F:\Qoder\btc-collision-engine\data_logs\report_daily_20260518_161931.json (896 B) [DRY-RUN] 将被隔离
[00:00:24]   ⏭️ [SKIPPED] F:\Qoder\btc-collision-engine\data_logs\report_daily_20260518_161932.json (895 B) [DRY-RUN] 将被隔离
[00:00:24]   ⏭️ [SKIPPED] F:\Qoder\btc-collision-engine\data_logs\report_daily_20260518_161933.json (896 B) [DRY-RUN] 将被隔离
[00:00:24]   ⏭️ [SKIPPED] F:\Qoder\btc-collision-engine\data_logs\report_daily_20260518_161934.json (893 B) [DRY-RUN] 将被隔离
[00:00:24]   ⏭️ [SKIPPED] F:\Qoder\btc-collision-engine\data_logs\report_daily_20260518_161936.json (895 B) [DRY-RUN] 将被隔离
[00:00:24]   ⏭️ [SKIPPED] F:\Qoder\btc-collision-engine\data_logs\report_daily_20260518_161937.json (895 B) [DRY-RUN] 将被隔离
[00:00:24]   ⏭️ [SKIPPED] F:\Qoder\btc-collision-engine\data_logs\report_daily_20260518_161939.json (893 B) [DRY-RUN] 将被隔离
[00:00:24]   ⏭️ [SKIPPED] F:\Qoder\btc-collision-engine\data_logs\report_daily_20260518_161940.json (893 B) [DRY-RUN] 将被隔离
[00:00:24]   ⏭️ [SKIPPED] F:\Qoder\btc-collision-engine\data_logs\report_daily_20260518_161941.json (894 B) [DRY-RUN] 将被隔离
[00:00:24]   ⏭️ [SKIPPED] F:\Qoder\btc-collision-engine\data_logs\report_daily_20260518_161942.json (894 B) [DRY-RUN] 将被隔离
[00:00:24]   ⏭️ [SKIPPED] F:\Qoder\btc-collision-engine\data_logs\report_daily_20260518_161945.json (894 B) [DRY-RUN] 将被隔离
[00:00:24]   ⏭️ [SKIPPED] F:\Qoder\btc-collision-engine\data_logs\report_daily_20260518_161947.json (870 B) [DRY-RUN] 将被隔离
[00:00:24]   ⏭️ [SKIPPED] F:\Qoder\btc-collision-engine\data_logs\report_daily_20260518_161948.json (891 B) [DRY-RUN] 将被隔离
[00:00:24]   ⏭️ [SKIPPED] F:\Qoder\btc-collision-engine\data_logs\report_daily_20260518_161949.json (891 B) [DRY-RUN] 将被隔离
[00:00:24]   ⏭️ [SKIPPED] F:\Qoder\btc-collision-engine\data_logs\report_daily_20260518_161951.json (891 B) [DRY-RUN] 将被隔离
[00:00:24]   ⏭️ [SKIPPED] F:\Qoder\btc-collision-engine\data_logs\report_daily_20260518_161952.json (891 B) [DRY-RUN] 将被隔离
[00:00:24]   ⏭️ [SKIPPED] F:\Qoder\btc-collision-engine\data_logs\report_daily_20260518_161955.json (891 B) [DRY-RUN] 将被隔离
[00:00:24]   ⏭️ [SKIPPED] F:\Qoder\btc-collision-engine\data_logs\report_daily_20260518_162035.json (891 B) [DRY-RUN] 将被隔离
[00:00:24]   ⏭️ [SKIPPED] F:\Qoder\btc-collision-engine\data_logs\report_daily_20260519_024117.json (952 B) [DRY-RUN] 将被隔离
[00:00:24]   ⏭️ [SKIPPED] F:\Qoder\btc-collision-engine\data_logs\report_daily_20260519_024118.json (952 B) [DRY-RUN] 将被隔离
[00:00:24]   ⏭️ [SKIPPED] F:\Qoder\btc-collision-engine\data_logs\report_daily_20260519_024120.json (1.0 KB) [DRY-RUN] 将被隔离
[00:00:24]   ⏭️ [SKIPPED] F:\Qoder\btc-collision-engine\data_logs\report_daily_20260519_024121.json (1.0 KB) [DRY-RUN] 将被隔离
[00:00:24]   ⏭️ [SKIPPED] F:\Qoder\btc-collision-engine\data_logs\report_daily_20260519_024123.json (1.0 KB) [DRY-RUN] 将被隔离
[00:00:24]   ⏭️ [SKIPPED] F:\Qoder\btc-collision-engine\data_logs\report_daily_20260519_024125.json (1015 B) [DRY-RUN] 将被隔离
[00:00:24]   ⏭️ [SKIPPED] F:\Qoder\btc-collision-engine\data_logs\report_daily_20260519_024127.json (1015 B) [DRY-RUN] 将被隔离
[00:00:24]   ⏭️ [SKIPPED] F:\Qoder\btc-collision-engine\data_logs\report_daily_20260519_024130.json (1.0 KB) [DRY-RUN] 将被隔离
[00:00:24]   ⏭️ [SKIPPED] F:\Qoder\btc-collision-engine\data_logs\report_daily_20260519_024133.json (1.0 KB) [DRY-RUN] 将被隔离
[00:00:24]   ⏭️ [SKIPPED] F:\Qoder\btc-collision-engine\data_logs\report_daily_20260519_024134.json (1.0 KB) [DRY-RUN] 将被隔离
[00:00:24]   ⏭️ [SKIPPED] F:\Qoder\btc-collision-engine\data_logs\report_daily_20260519_024137.json (1.0 KB) [DRY-RUN] 将被隔离
[00:00:24]   ⏭️ [SKIPPED] F:\Qoder\btc-collision-engine\data_logs\report_daily_20260519_024138.json (1.0 KB) [DRY-RUN] 将被隔离
[00:00:24]   ⏭️ [SKIPPED] F:\Qoder\btc-collision-engine\data_logs\report_daily_20260519_024140.json (1018 B) [DRY-RUN] 将被隔离
[00:00:24]   ⏭️ [SKIPPED] F:\Qoder\btc-collision-engine\data_logs\report_daily_20260519_024141.json (1018 B) [DRY-RUN] 将被隔离
[00:00:24]   ⏭️ [SKIPPED] F:\Qoder\btc-collision-engine\data_logs\report_daily_20260519_024143.json (1018 B) [DRY-RUN] 将被隔离
[00:00:24]   ⏭️ [SKIPPED] F:\Qoder\btc-collision-engine\data_logs\report_daily_20260519_024144.json (1.0 KB) [DRY-RUN] 将被隔离
[00:00:24]   ⏭️ [SKIPPED] F:\Qoder\btc-collision-engine\data_logs\report_daily_20260519_024146.json (1.0 KB) [DRY-RUN] 将被隔离
[00:00:24]   ⏭️ [SKIPPED] F:\Qoder\btc-collision-engine\data_logs\report_daily_20260519_173421.json (1.0 KB) [DRY-RUN] 将被隔离
[00:00:24]   ⏭️ [SKIPPED] F:\Qoder\btc-collision-engine\data_logs\report_daily_20260519_173422.json (1.0 KB) [DRY-RUN] 将被隔离
[00:00:24]   ⏭️ [SKIPPED] F:\Qoder\btc-collision-engine\data_logs\report_daily_20260519_173423.json (1.0 KB) [DRY-RUN] 将被隔离
[00:00:24]   ⏭️ [SKIPPED] F:\Qoder\btc-collision-engine\data_logs\report_daily_20260519_173424.json (1.0 KB) [DRY-RUN] 将被隔离
[00:00:24]   ⏭️ [SKIPPED] F:\Qoder\btc-collision-engine\data_logs\report_daily_20260519_173427.json (1.0 KB) [DRY-RUN] 将被隔离
[00:00:24]   ⏭️ [SKIPPED] F:\Qoder\btc-collision-engine\data_logs\report_daily_20260519_173428.json (976 B) [DRY-RUN] 将被隔离
[00:00:24]   ⏭️ [SKIPPED] F:\Qoder\btc-collision-engine\data_logs\report_daily_20260519_173433.json (975 B) [DRY-RUN] 将被隔离
[00:00:24]   ⏭️ [SKIPPED] F:\Qoder\btc-collision-engine\data_logs\report_daily_20260519_173434.json (945 B) [DRY-RUN] 将被隔离
[00:00:24]   ⏭️ [SKIPPED] F:\Qoder\btc-collision-engine\data_logs\report_daily_20260519_173436.json (976 B) [DRY-RUN] 将被隔离
[00:00:24]   ⏭️ [SKIPPED] F:\Qoder\btc-collision-engine\data_logs\report_daily_20260519_173823.json (976 B) [DRY-RUN] 将被隔离
[00:00:24]   ⏭️ [SKIPPED] F:\Qoder\btc-collision-engine\data_logs\report_daily_20260519_173824.json (976 B) [DRY-RUN] 将被隔离
[00:00:24]   ⏭️ [SKIPPED] F:\Qoder\btc-collision-engine\data_logs\report_daily_20260519_173825.json (901 B) [DRY-RUN] 将被隔离
[00:00:24]   ⏭️ [SKIPPED] F:\Qoder\btc-collision-engine\data_logs\report_daily_20260519_173826.json (901 B) [DRY-RUN] 将被隔离
[00:00:24]   ⏭️ [SKIPPED] F:\Qoder\btc-collision-engine\data_logs\report_daily_20260519_173829.json (897 B) [DRY-RUN] 将被隔离
[00:00:24]   ⏭️ [SKIPPED] F:\Qoder\btc-collision-engine\data_logs\report_daily_20260519_173831.json (903 B) [DRY-RUN] 将被隔离
[00:00:24]   ⏭️ [SKIPPED] F:\Qoder\btc-collision-engine\data_logs\report_daily_20260519_173837.json (901 B) [DRY-RUN] 将被隔离
[00:00:24]   ⏭️ [SKIPPED] F:\Qoder\btc-collision-engine\data_logs\report_daily_20260519_173838.json (898 B) [DRY-RUN] 将被隔离
[00:00:24]   ⏭️ [SKIPPED] F:\Qoder\btc-collision-engine\data_logs\report_daily_20260519_173840.json (894 B) [DRY-RUN] 将被隔离
[00:00:24]   ⏭️ [SKIPPED] F:\Qoder\btc-collision-engine\_bat_debug.log (2.4 KB) [DRY-RUN] 将被隔离
[00:00:24]   ⏭️ [SKIPPED] F:\Qoder\btc-collision-engine\_start_test.log (16 B) [DRY-RUN] 将被隔离
[00:00:24] 
============================================================
[00:00:24] 清理完成: 2026-05-23T00:00:24.040887
[00:00:24] 扫描总量: 172.06 MB
[00:00:24] 清理总量: 0 B
[00:00:24] ============================================================